There is no supporting resolver for Graph Description 'ExampleNotSupportedGraphDescription'.