{
  "type" : "object",
  "properties" : {
    "exampleStringField" : {
      "type" : "string"
    }
  },
  "required" : [ "exampleStringField" ]
}