node_type: node1
node_hash: DED9B
node_edges:
attributes:

node_type: node1
node_hash: DED9B
node_edges:
attributes:

node_type: node1
node_hash: DED9B
node_edges:
attributes:

