Cannot convert DAG to Object, because it contains cycle. Twice visited node: 'C/id-3'