Cannot convert DAG to Object, because it contains cycle. Twice visited node: 'A/id-1'