[ {
  "name" : "Prague Medical Clinic",
  "address" : [ {
    "country" : "Czech Republic",
    "line" : [ "Dlouh√° 21" ]
  }, {
    "country" : "Czech Republic",
    "line" : [ "Vaclavske Namesti 8", "Vaclavske Namesti 11", "Vaclavske Namesti 50" ]
  } ]
} ]