[ERROR] Command with name: 'ExampleTestCommand' did not validate.
Field path: ExampleTestCommand.exampleReferenceField
Reference value was invalid. Object with single string field under key 'id' is required.
Actual value: {
  "id" : "ExampleId",
  "extraField" : "Irrelevant Value"
}