There are no supporting SpecificSerializationTypeProvider provider for node of type 'random_type'.