Cannot load graph, because specified graph element does not exist in graph.
UUID: 576a533b-5764-401b-876c-9df37461bf90
GraphDescription: NodeQueryGraphDescription