{
  "newParameters" : [ ],
  "operations" : [ {
    "id" : "AddJurisdictionOnOperationDefinition",
    "code" : "AddJurisdictionOnOperationDefinition",
    "description" : "Generated command for adding jurisdiction(CodeableConcept) on OperationDefinition Aggregate",
    "instance" : true,
    "kind" : "operation",
    "name" : "Add Jurisdiction on OperationDefinition",
    "status" : "draft",
    "system" : false,
    "type" : false,
    "parameter" : [ {
      "max" : "*",
      "min" : 1,
      "name" : "jurisdiction",
      "type" : "CodeableConcept",
      "use" : "in",
      "referencedFrom" : [ {
        "source" : "OperationDefinition.jurisdiction"
      } ],
      "targetProfileRef" : [ ]
    } ],
    "resource" : [ "OperationDefinition" ]
  }, {
    "id" : "AddContactOnOperationDefinition",
    "code" : "AddContactOnOperationDefinition",
    "description" : "Generated command for adding contact(string) on OperationDefinition Aggregate",
    "instance" : true,
    "kind" : "operation",
    "name" : "Add Contact on OperationDefinition",
    "status" : "draft",
    "system" : false,
    "type" : false,
    "parameter" : [ {
      "max" : "*",
      "min" : 1,
      "name" : "contact",
      "type" : "string",
      "use" : "in",
      "referencedFrom" : [ {
        "source" : "OperationDefinition.contact"
      } ],
      "targetProfileRef" : [ ]
    } ],
    "resource" : [ "OperationDefinition" ]
  }, {
    "id" : "AddParameterOnOperationDefinition",
    "code" : "AddParameterOnOperationDefinition",
    "description" : "Generated command for adding parameter(OperationDefinitionParameter) on OperationDefinition Aggregate",
    "instance" : true,
    "kind" : "operation",
    "name" : "Add Parameter on OperationDefinition",
    "status" : "draft",
    "system" : false,
    "type" : false,
    "parameter" : [ {
      "max" : "*",
      "min" : 1,
      "name" : "parameter",
      "type" : "OperationDefinitionParameter",
      "use" : "in",
      "referencedFrom" : [ {
        "source" : "OperationDefinition.parameter"
      } ],
      "targetProfileRef" : [ ]
    } ],
    "resource" : [ "OperationDefinition" ]
  }, {
    "id" : "AddResourceOnOperationDefinition",
    "code" : "AddResourceOnOperationDefinition",
    "description" : "Generated command for adding resource(code) on OperationDefinition Aggregate",
    "instance" : true,
    "kind" : "operation",
    "name" : "Add Resource on OperationDefinition",
    "status" : "draft",
    "system" : false,
    "type" : false,
    "parameter" : [ {
      "max" : "*",
      "min" : 1,
      "name" : "resource",
      "type" : "code",
      "use" : "in",
      "referencedFrom" : [ {
        "source" : "OperationDefinition.resource"
      } ],
      "targetProfileRef" : [ ]
    } ],
    "resource" : [ "OperationDefinition" ]
  }, {
    "id" : "AddOverloadOnOperationDefinition",
    "code" : "AddOverloadOnOperationDefinition",
    "description" : "Generated command for adding overload(OperationDefinitionOverload) on OperationDefinition Aggregate",
    "instance" : true,
    "kind" : "operation",
    "name" : "Add Overload on OperationDefinition",
    "status" : "draft",
    "system" : false,
    "type" : false,
    "parameter" : [ {
      "max" : "*",
      "min" : 1,
      "name" : "overload",
      "type" : "OperationDefinitionOverload",
      "use" : "in",
      "referencedFrom" : [ {
        "source" : "OperationDefinition.overload"
      } ],
      "targetProfileRef" : [ ]
    } ],
    "resource" : [ "OperationDefinition" ]
  }, {
    "id" : "AddUseContextOnOperationDefinition",
    "code" : "AddUseContextOnOperationDefinition",
    "description" : "Generated command for adding useContext(UsageContext) on OperationDefinition Aggregate",
    "instance" : true,
    "kind" : "operation",
    "name" : "Add UseContext on OperationDefinition",
    "status" : "draft",
    "system" : false,
    "type" : false,
    "parameter" : [ {
      "max" : "*",
      "min" : 1,
      "name" : "useContext",
      "type" : "UsageContext",
      "use" : "in",
      "referencedFrom" : [ {
        "source" : "OperationDefinition.useContext"
      } ],
      "targetProfileRef" : [ ]
    } ],
    "resource" : [ "OperationDefinition" ]
  }, {
    "id" : "AddCodingOnOperationDefinitionJurisdiction",
    "code" : "AddCodingOnOperationDefinitionJurisdiction",
    "description" : "Generated command for adding coding(Coding) on OperationDefinition Aggregate",
    "instance" : true,
    "kind" : "operation",
    "name" : "Add Coding on OperationDefinition.jurisdiction",
    "status" : "draft",
    "system" : false,
    "type" : false,
    "parameter" : [ {
      "max" : "*",
      "min" : 1,
      "name" : "coding",
      "type" : "Coding",
      "use" : "in",
      "referencedFrom" : [ {
        "source" : "OperationDefinition.jurisdiction.coding"
      } ],
      "targetProfileRef" : [ ]
    }, {
      "max" : "1",
      "min" : 1,
      "name" : "jurisdictionId",
      "type" : "id",
      "use" : "in",
      "referencedFrom" : [ {
        "source" : "OperationDefinition.jurisdiction.id"
      } ],
      "targetProfileRef" : [ ]
    } ],
    "resource" : [ "OperationDefinition" ]
  }, {
    "id" : "AddReferencedFromOnOperationDefinitionParameter",
    "code" : "AddReferencedFromOnOperationDefinitionParameter",
    "description" : "Generated command for adding referencedFrom(OperationDefinitionParameterReferencedFrom) on OperationDefinition Aggregate",
    "instance" : true,
    "kind" : "operation",
    "name" : "Add ReferencedFrom on OperationDefinition.parameter",
    "status" : "draft",
    "system" : false,
    "type" : false,
    "parameter" : [ {
      "max" : "*",
      "min" : 1,
      "name" : "referencedFrom",
      "type" : "OperationDefinitionParameterReferencedFrom",
      "use" : "in",
      "referencedFrom" : [ {
        "source" : "OperationDefinition.parameter.referencedFrom"
      } ],
      "targetProfileRef" : [ ]
    }, {
      "max" : "1",
      "min" : 1,
      "name" : "parameterId",
      "type" : "id",
      "use" : "in",
      "referencedFrom" : [ {
        "source" : "OperationDefinition.parameter.id"
      } ],
      "targetProfileRef" : [ ]
    } ],
    "resource" : [ "OperationDefinition" ]
  }, {
    "id" : "AddTargetProfileOnOperationDefinitionParameter",
    "code" : "AddTargetProfileOnOperationDefinitionParameter",
    "description" : "Generated command for adding targetProfile(canonical) on OperationDefinition Aggregate",
    "instance" : true,
    "kind" : "operation",
    "name" : "Add TargetProfile on OperationDefinition.parameter",
    "status" : "draft",
    "system" : false,
    "type" : false,
    "parameter" : [ {
      "max" : "*",
      "min" : 1,
      "name" : "targetProfile",
      "type" : "canonical",
      "use" : "in",
      "referencedFrom" : [ {
        "source" : "OperationDefinition.parameter.targetProfile"
      } ],
      "targetProfileRef" : [ ]
    }, {
      "max" : "1",
      "min" : 1,
      "name" : "parameterId",
      "type" : "id",
      "use" : "in",
      "referencedFrom" : [ {
        "source" : "OperationDefinition.parameter.id"
      } ],
      "targetProfileRef" : [ ]
    } ],
    "resource" : [ "OperationDefinition" ]
  }, {
    "id" : "AddPartOnOperationDefinitionParameter",
    "code" : "AddPartOnOperationDefinitionParameter",
    "description" : "Generated command for adding part(OperationDefinitionParameter) on OperationDefinition Aggregate",
    "instance" : true,
    "kind" : "operation",
    "name" : "Add Part on OperationDefinition.parameter",
    "status" : "draft",
    "system" : false,
    "type" : false,
    "parameter" : [ {
      "max" : "*",
      "min" : 1,
      "name" : "part",
      "type" : "OperationDefinitionParameter",
      "use" : "in",
      "referencedFrom" : [ {
        "source" : "OperationDefinition.parameter.part"
      } ],
      "targetProfileRef" : [ ]
    }, {
      "max" : "1",
      "min" : 1,
      "name" : "parameterId",
      "type" : "id",
      "use" : "in",
      "referencedFrom" : [ {
        "source" : "OperationDefinition.parameter.id"
      } ],
      "targetProfileRef" : [ ]
    } ],
    "resource" : [ "OperationDefinition" ]
  }, {
    "id" : "AddTargetProfileRefOnOperationDefinitionParameter",
    "code" : "AddTargetProfileRefOnOperationDefinitionParameter",
    "description" : "Generated command for adding targetProfileRef(Reference) on OperationDefinition Aggregate",
    "instance" : true,
    "kind" : "operation",
    "name" : "Add TargetProfileRef on OperationDefinition.parameter",
    "status" : "draft",
    "system" : false,
    "type" : false,
    "parameter" : [ {
      "max" : "*",
      "min" : 1,
      "name" : "targetProfileRef",
      "type" : "Reference",
      "use" : "in",
      "referencedFrom" : [ {
        "source" : "OperationDefinition.parameter.targetProfileRef"
      } ],
      "targetProfileRef" : [ {
        "id" : "StructureDefinition"
      } ]
    }, {
      "max" : "1",
      "min" : 1,
      "name" : "parameterId",
      "type" : "id",
      "use" : "in",
      "referencedFrom" : [ {
        "source" : "OperationDefinition.parameter.id"
      } ],
      "targetProfileRef" : [ ]
    } ],
    "resource" : [ "OperationDefinition" ]
  }, {
    "id" : "AddParameterNameOnOperationDefinitionOverload",
    "code" : "AddParameterNameOnOperationDefinitionOverload",
    "description" : "Generated command for adding parameterName(string) on OperationDefinition Aggregate",
    "instance" : true,
    "kind" : "operation",
    "name" : "Add ParameterName on OperationDefinition.overload",
    "status" : "draft",
    "system" : false,
    "type" : false,
    "parameter" : [ {
      "max" : "*",
      "min" : 1,
      "name" : "parameterName",
      "type" : "string",
      "use" : "in",
      "referencedFrom" : [ {
        "source" : "OperationDefinition.overload.parameterName"
      } ],
      "targetProfileRef" : [ ]
    }, {
      "max" : "1",
      "min" : 1,
      "name" : "overloadId",
      "type" : "id",
      "use" : "in",
      "referencedFrom" : [ {
        "source" : "OperationDefinition.overload.id"
      } ],
      "targetProfileRef" : [ ]
    } ],
    "resource" : [ "OperationDefinition" ]
  }, {
    "id" : "AddCodingOnOperationDefinitionUseContextValue",
    "code" : "AddCodingOnOperationDefinitionUseContextValue",
    "description" : "Generated command for adding coding(Coding) on OperationDefinition Aggregate",
    "instance" : true,
    "kind" : "operation",
    "name" : "Add Coding on OperationDefinition.useContext.value",
    "status" : "draft",
    "system" : false,
    "type" : false,
    "parameter" : [ {
      "max" : "*",
      "min" : 1,
      "name" : "coding",
      "type" : "Coding",
      "use" : "in",
      "referencedFrom" : [ {
        "source" : "OperationDefinition.useContext.value.coding"
      } ],
      "targetProfileRef" : [ ]
    }, {
      "max" : "1",
      "min" : 1,
      "name" : "useContextId",
      "type" : "id",
      "use" : "in",
      "referencedFrom" : [ {
        "source" : "OperationDefinition.useContext.id"
      } ],
      "targetProfileRef" : [ ]
    } ],
    "resource" : [ "OperationDefinition" ]
  } ]
}