{
  "AggregateDefinitionAggregate" : {
    "newParameters" : [ {
      "operationId" : "CreateAggregateDefinition",
      "parameters" : [ {
        "max" : "*",
        "min" : 0,
        "name" : "command",
        "type" : "CommandHandlerDefinition",
        "use" : "in",
        "referencedFrom" : [ {
          "source" : "AggregateDefinition.command"
        } ],
        "targetProfileRef" : [ ]
      } ]
    } ],
    "operations" : [ ]
  }
}